src/pages/notes/NotesGraphPage.tsx(9,17): error TS2554: Expected 1 arguments, but got 0.
src/pages/notes/NotesGraphPage.tsx(79,11): error TS2322: Type '{ ref: RefObject<ForceGraphMethods<{}, {}>>; width: number; height: number; graphData: { nodes: { id: string; title: string; }[]; links: { source: string; target: string; }[]; }; ... 7 more ...; d3Force: string; }' is not assignable to type 'IntrinsicAttributes & ForceGraphProps<{ [others: string]: any; id?: string | number | undefined; x?: number | undefined; y?: number | undefined; vx?: number | undefined; vy?: number | undefined; fx?: number | undefined; fy?: number | undefined; }, { ...; }> & { ...; }'.
  Property 'd3Force' does not exist on type 'IntrinsicAttributes & ForceGraphProps<{ [others: string]: any; id?: string | number | undefined; x?: number | undefined; y?: number | undefined; vx?: number | undefined; vy?: number | undefined; fx?: number | undefined; fy?: number | undefined; }, { ...; }> & { ...; }'.
src/pages/notes/NotesLayout.tsx(157,61): error TS2339: Property 'catch' does not exist on type 'void'.
src/pages/notes/NotesLayout.tsx(207,70): error TS2339: Property 'catch' does not exist on type 'void'.
